
> my-v0-project@0.1.0 build
> next build

node.exe : [baseline-browser-mapping] The data in this module is over two 
months old.  To ensure accurate Baseline data, please update: `npm i 
baseline-browser-mapping@latest -D`
Au caractère Ligne:1 : 1
+ & "C:\Program Files\nodejs/node.exe" "C:\Program Files\nodejs/node_mo ...
+ ~~~~~~~~~~~~~~~~~~~~~~~~~~~~~~~~~~~~~~~~~~~~~~~~~~~~~~~~~~~~~~~~~~~~~
    + CategoryInfo          : NotSpecified: ([baseline-brows...ping@latest -D` 
   :String) [], RemoteException
    + FullyQualifiedErrorId : NativeCommandError
 
   Ôû▓ Next.js 16.0.10 (Turbopack)
   - Environments: .env.local, .env

   Creating an optimized production build ...
[baseline-browser-mapping] The data in this module is over two months old.  To 
ensure accurate Baseline data, please update: `npm i 
baseline-browser-mapping@latest -D`
 Ô£ô Compiled successfully in 38.6s
   Skipping validation of types
 ÔÜá Minimum recommended TypeScript version is v5.1.0, older versions can 
potentially be incompatible with Next.js. Detected: 5.0.2
   Collecting page data using 7 workers ...
[baseline-browser-mapping] The data in this module is over two months old.  To 
ensure accurate Baseline data, please update: `npm i 
baseline-browser-mapping@latest -D`
[baseline-browser-mapping] The data in this module is over two months old.  To 
ensure accurate Baseline data, please update: `npm i 
baseline-browser-mapping@latest -D`
[baseline-browser-mapping] The data in this module is over two months old.  To 
ensure accurate Baseline data, please update: `npm i 
baseline-browser-mapping@latest -D`
[baseline-browser-mapping] The data in this module is over two months old.  To 
ensure accurate Baseline data, please update: `npm i 
baseline-browser-mapping@latest -D`
[baseline-browser-mapping] The data in this module is over two months old.  To 
ensure accurate Baseline data, please update: `npm i 
baseline-browser-mapping@latest -D`
[baseline-browser-mapping] The data in this module is over two months old.  To 
ensure accurate Baseline data, please update: `npm i 
baseline-browser-mapping@latest -D`
[baseline-browser-mapping] The data in this module is over two months old.  To 
ensure accurate Baseline data, please update: `npm i 
baseline-browser-mapping@latest -D`
Chariow Config: {
  API_KEY: 'Ô£ô Configur├®',
  BASE_URL: 'https://api.chariow.com/v1',
  PRODUCT_ID: 'Ô£ô Configur├®',
  APP_BASE_URL: 'https://v0-big-five-bootcamp-platform.vercel.app',
  WEBHOOK_URL: 'https://v0-big-five-bootcamp-platform.vercel.app/api/payment/webhook'
}
Chariow Config: {
  API_KEY: 'Ô£ô Configur├®',
  BASE_URL: 'https://api.chariow.com/v1',
  PRODUCT_ID: 'Ô£ô Configur├®',
  APP_BASE_URL: 'https://v0-big-five-bootcamp-platform.vercel.app',
  WEBHOOK_URL: 'https://v0-big-five-bootcamp-platform.vercel.app/api/payment/webhook'
}
   Generating static pages using 7 workers (0/35) ...
[baseline-browser-mapping] The data in this module is over two months old.  To 
ensure accurate Baseline data, please update: `npm i 
baseline-browser-mapping@latest -D`
[baseline-browser-mapping] The data in this module is over two months old.  To 
ensure accurate Baseline data, please update: `npm i 
baseline-browser-mapping@latest -D`
   Generating static pages using 7 workers (8/35) 
   Generating static pages using 7 workers (17/35) 
   Generating static pages using 7 workers (26/35) 
 Ô£ô Generating static pages using 7 workers (35/35) in 9.0s
   Finalizing page optimization ...

Route (app)
Ôöî Ôùï /
Ôö£ Ôùï /_not-found
Ôö£ Ôùï /about
Ôö£ Ôùï /admin
Ôö£ Ôùï /admin/campaigns
Ôö£ Ôùï /admin/creatives
Ôö£ ãÆ /admin/creatives/[id]/edit
Ôö£ Ôùï /admin/creatives/new
Ôö£ Ôùï /admin/guide
Ôö£ Ôùï /admin/login
Ôö£ Ôùï /admin/settings
Ôö£ Ôùï /admin/users
Ôö£ ãÆ /api/admin/campaigns
Ôö£ ãÆ /api/admin/cancellation-requests
Ôö£ ãÆ /api/admin/change-password
Ôö£ ãÆ /api/auth/[...nextauth]
Ôö£ ãÆ /api/auth/register
Ôö£ ãÆ /api/campaigns
Ôö£ ãÆ /api/campaigns/[id]
Ôö£ ãÆ /api/contents
Ôö£ ãÆ /api/contents/filters
Ôö£ ãÆ /api/cron/check-subscriptions
Ôö£ ãÆ /api/favorites
Ôö£ ãÆ /api/license/verify
Ôö£ ãÆ /api/notifications
Ôö£ ãÆ /api/notifications/[id]/mark-read
Ôö£ ãÆ /api/notifications/mark-all-read
Ôö£ ãÆ /api/payment/activate-widget
Ôö£ ãÆ /api/payment/check
Ôö£ ãÆ /api/payment/check-subscription
Ôö£ ãÆ /api/payment/check/[ref_command]
Ôö£ ãÆ /api/payment/debug
Ôö£ ãÆ /api/payment/debug-webhook
Ôö£ ãÆ /api/payment/ipn
Ôö£ ãÆ /api/payment/product
Ôö£ ãÆ /api/payment/receipt/[id]
Ôö£ ãÆ /api/payment/request
Ôö£ ãÆ /api/payment/status/[ref_command]
Ôö£ ãÆ /api/payment/subscribe
Ôö£ ãÆ /api/payment/webhook
Ôö£ ãÆ /api/stats
Ôö£ ãÆ /api/test-supabase
Ôö£ ãÆ /api/upload
Ôö£ ãÆ /api/users
Ôö£ ãÆ /api/users/[id]
Ôö£ ãÆ /api/users/[id]/favorites
Ôö£ ãÆ /api/users/profiles
Ôö£ ãÆ /api/users/recent
Ôö£ ãÆ /api/video-thumbnail
Ôö£ Ôùï /auth
Ôö£ Ôùï /auth/auth-code-error
Ôö£ ãÆ /auth/callback
Ôö£ Ôùï /community
Ôö£ Ôùï /contact
Ôö£ ãÆ /content/[id]
Ôö£ Ôùï /dashboard
Ôö£ Ôùï /demo
Ôö£ Ôùï /favorites
Ôö£ Ôùï /forgot-password
Ôö£ Ôùï /library
Ôö£ Ôùï /login
Ôö£ Ôùï /notifications
Ôö£ Ôùï /payment/cancel
Ôö£ Ôùï /payment/success
Ôö£ Ôùï /paywall
Ôö£ Ôùï /pricing
Ôö£ Ôùï /privacy
Ôö£ Ôùï /profile
Ôö£ Ôùï /register
Ôö£ Ôùï /settings
Ôö£ Ôùï /subscribe
Ôö£ Ôùï /terms
Ôöö Ôùï /update-password


ãÆ Proxy (Middleware)

Ôùï  (Static)   prerendered as static content
ãÆ  (Dynamic)  server-rendered on demand

